% Windows Chinese font map for ttf2pk

gbk@UGBK@  SIMSUN.TTC Fontindex=0 Pid = 3 Eid = 1
gbksong@UGBK@  SIMSUN.TTC Fontindex=0 Pid = 3 Eid = 1
gbkkai@UGBK@  SIMKAI.TTF Pid = 3 Eid = 1
gbkhei@UGBK@  SIMHEI.TTF Pid = 3 Eid = 1
gbkfs@UGBK@  SIMFANG.TTF Pid = 3 Eid = 1
gbkli@UGBK@  SIMLI.TTF Pid = 3 Eid = 1
gbkyou@UGBK@  SIMYOU.TTF Pid = 3 Eid = 1

cyberb@Unicode@  SIMSUN.TTC Fontindex=0 Pid = 3 Eid = 1
unisong@Unicode@  SIMSUN.TTC Fontindex=0 Pid = 3 Eid = 1
unikai@Unicode@  SIMKAI.TTF Pid = 3 Eid = 1
unihei@Unicode@  SIMHEI.TTF Pid = 3 Eid = 1
unifs@Unicode@  SIMFANG.TTF Pid = 3 Eid = 1
unili@Unicode@  SIMLI.TTF Pid = 3 Eid = 1
uniyou@Unicode@  SIMYOU.TTF Pid = 3 Eid = 1

gbksongsl@UGBK@  SIMSUN.TTC Fontindex=0 Slant=.167 Pid = 3 Eid = 1
gbkkaisl@UGBK@  SIMKAI.TTF Slant=.167 Pid = 3 Eid = 1
gbkheisl@UGBK@  SIMHEI.TTF Slant=.167 Pid = 3 Eid = 1
gbkfssl@UGBK@  SIMFANG.TTF Slant=.167 Pid = 3 Eid = 1
gbklisl@UGBK@  SIMLI.TTF Slant=.167 Pid = 3 Eid = 1
gbkyousl@UGBK@  SIMYOU.TTF Slant=.167 Pid = 3 Eid = 1

unisongsl@Unicode@  SIMSUN.TTC Fontindex=0 Slant=.167 Pid = 3 Eid = 1
unikaisl@Unicode@  SIMKAI.TTF Slant=.167 Pid = 3 Eid = 1
uniheisl@Unicode@  SIMHEI.TTF Slant=.167 Pid = 3 Eid = 1
unifssl@Unicode@  SIMFANG.TTF Slant=.167 Pid = 3 Eid = 1
unilisl@Unicode@  SIMLI.TTF Slant=.167 Pid = 3 Eid = 1
uniyousl@Unicode@  SIMYOU.TTF Slant=.167 Pid = 3 Eid = 1

