% Windows Chinese font map for ttf2pk

gbk@UGBK@  simsun.ttc Fontindex=0 Pid = 3 Eid = 1
gbksong@UGBK@  simsun.ttc Fontindex=0 Pid = 3 Eid = 1
gbkkai@UGBK@  simkai.ttf Pid = 3 Eid = 1
gbkhei@UGBK@  simhei.ttf Pid = 3 Eid = 1
gbkfs@UGBK@  simfang.ttf Pid = 3 Eid = 1
gbkli@UGBK@  simli.ttf Pid = 3 Eid = 1
gbkyou@UGBK@  simyou.ttf Pid = 3 Eid = 1

cyberb@Unicode@  simsun.ttc Fontindex=0 Pid = 3 Eid = 1
unisong@Unicode@  simsun.ttc Fontindex=0 Pid = 3 Eid = 1
unikai@Unicode@  simkai.ttf Pid = 3 Eid = 1
unihei@Unicode@  simhei.ttf Pid = 3 Eid = 1
unifs@Unicode@  simfang.ttf Pid = 3 Eid = 1
unili@Unicode@  simli.ttf Pid = 3 Eid = 1
uniyou@Unicode@  simyou.ttf Pid = 3 Eid = 1

gbksongsl@UGBK@  simsun.ttc Fontindex=0 Slant=.167 Pid = 3 Eid = 1
gbkkaisl@UGBK@  simkai.ttf Slant=.167 Pid = 3 Eid = 1
gbkheisl@UGBK@  simhei.ttf Slant=.167 Pid = 3 Eid = 1
gbkfssl@UGBK@  simfang.ttf Slant=.167 Pid = 3 Eid = 1
gbklisl@UGBK@  simli.ttf Slant=.167 Pid = 3 Eid = 1
gbkyousl@UGBK@  simyou.ttf Slant=.167 Pid = 3 Eid = 1

unisongsl@Unicode@  simsun.ttc Fontindex=0 Slant=.167 Pid = 3 Eid = 1
unikaisl@Unicode@  simkai.ttf Slant=.167 Pid = 3 Eid = 1
uniheisl@Unicode@  simhei.ttf Slant=.167 Pid = 3 Eid = 1
unifssl@Unicode@  simfang.ttf Slant=.167 Pid = 3 Eid = 1
unilisl@Unicode@  simli.ttf Slant=.167 Pid = 3 Eid = 1
uniyousl@Unicode@  simyou.ttf Slant=.167 Pid = 3 Eid = 1

